[2025-03-28 10:01:51.798] [debug  ] [lil_eng    ] [38772:38408] [F5CEED:  94] ~v7pfX7X3aoLP7K8iu0tczaigG3yL1WqKzu+jbK0OW4Wpu18i
[2025-03-28 10:01:51.804] [debug  ] [lil        ] [38772:38408] [F5CEED:  70] ~vL8IZtzyJI7V4qcgtxFGy7o=
[2025-03-28 10:01:51.807] [debug  ] [lic_svcs   ] [38772:38408] [F5CEED:  70] ~/Z0ReoibD7WB46ciugdK1670HHKQ1y+D
[2025-03-28 10:01:51.807] [debug  ] [lic_svcs   ] [38772:38408] [F5CEED:  70] ~qblfX5XYL4nS7uYqtwdKha2mEGWV3y+VgeKoOLcKQ8ynsRs=
[2025-03-28 10:01:51.809] [debug  ] [lic_accstg ] [38772:38408] [F5CEED:  74] ~s6wNddw=
[2025-03-28 10:01:51.809] [debug  ] [lic_accstg ] [38772:38408] [F5CEED:  74] ~srUeM7nDKYLR/68jsFEPwrigIHWV1y+4wuSoOLsFW4X6l0VPrMklgNPqqwi/H075jb0NeprUOIr92LMurQhdzK2gFnySyBaEwqWnL71MJYX99F8z3Jtqx4Gr5mz+Sw+F/fRfM9ybaseBq+Zs/ksPhf30XzPcm2rHgavmbP5LD4X99F8z3Jtqx4Gr5mz+Sw/msrAaKdyLMteRu/Z87lschfXnVg==
[2025-03-28 10:01:51.810] [debug  ] [lic_rdatprx] [38772:38408] [F5CEED:  70] ~rLoRY9zpL4rO/6NsugpbxP2kDXyEwmqOz+KyJb8HRt+4sA==
[2025-03-28 10:01:51.810] [debug  ] [lic_svcs   ] [38772:38408] [F5CEED:  70] ~u7gQM7XVI5OB568vuwVcwP23F3af0DnHwuqqILsP
[2025-03-28 10:01:51.811] [debug  ] [lic_nllstg ] [38772:38408] [F5CEED:  74] ~/Q==
[2025-03-28 10:01:51.811] [debug  ] [lic_nllstg ] [38772:38408] [F5CEED:  74] ~/ZEHcJnLPo7O5fxsuQ5b+ru9E3aj2CWJ1e6oOP5MbJ+BhA18m8kriuXqsi2CO0bXtLIQYZHnGZLD+KU+txtbzLK6DE+f2GSLyOjhRv5LD4X99F8z3Jtqx4Gr5mz+Sw+F/fRfM9ybaseBq+Zs/ksPhf30XzPcm2rHgavmbP5LD4X99F8z3Jtqx4Gr5mydBEvA5/RPa8yLeteRu/Z//kMcjA==
[2025-03-28 10:01:51.811] [debug  ] [lic_lic    ] [38772:38408] [F5CEED:  70] ~vLdfX5XYL4nS7uYGjSRhhbm7GmDc1SWTgeipIqoKRsv9hCxd0g==
[2025-03-28 10:01:51.811] [info   ] [lic_logic  ] [38772:38408] [F5CEED: 118] ~ufQTep/kJojG4qUTtwVG0fOnC3KOzy+Dgfu0I7oeTNHn9E4m0JsJktP5oyKqS1/Ws+5fP9zIP47V7uYhsQ9Kn/3kUCXc4CmIz/+jNKpRD8m0tyB/k9wjhP7iqCWqNg==
[2025-03-28 10:01:51.811] [info   ] [lic_logic  ] [38772:38408] [F5CEED: 118] ~/bgWcKPXJYDI6JklsAJbi7u9EXqP0y+DgaudL7EFW8CloEUzkNIpuM3koSW9NEbLtKAi
[2025-03-28 10:01:51.811] [info   ] [lif        ] [38772:38408] [E392AD:  58] ~/Z0ReojSK4vI8aNsuARdhZ6XE3ad1S+VgfiyLawfSsHz
[2025-03-28 10:01:51.812] [info   ] [lif        ] [38772:38408] [E392AD:  86] ~s/Qzepr5K5TEq7UprB1K1/23EH2a0i2S0+qyJbEFD8yu9FIzvfcO3YHqqjy2CgLJtLcafY/eZ4PE6qoprEVJw/O1CXKPz2SEzubqbJ05bvXn9B5/jNMrysL5pzzwDUmLvKIeYIiVKYjMp+YhpylOxraxEXfGmyeejPyvIvAKWcSuoFFwk9Zmx9PkqiCxHluf/bUTY5TaZ5XO56ojqx8C1rimCXqf3mSBx6WnOr8YW4u+uxI/3PIbtJurpyCuA06ItKUMPZrdZIbX6rU48AhAyPH0O1aq8gmi8rHmIadGS8CrvRx2j5UrkcD4smK9BEI=
[2025-03-28 10:01:51.812] [warning] [lif        ] [38772:38408] [E392AD: 122] ~sPQ5cpXXL4OB/6lssgROwf24FnCZ1TmCge2vILs=
[2025-03-28 10:01:51.812] [warning] [lif        ] [38772:38408] [E392AD: 122] ~qb9fVoTYL5fV4qki5Et6y7y2E3bczyXHzvujIv4HRsa4ugx23N0ji8Sr4Q/kN3rWuKYMT6/zC7T2ypIQmgRYy7G7HneP5xiCwv6wLfAHRsb69XUz3Jtqx4Gr5mz+Sw+F/fRfM9ybaseBq+Zs/ksPhf30XzPcm2rHgavmbP5LD4X99F8z3Jtqx4Gr5mz+Sw+F/fRfUJPfL92Bu7587lsfle3kTTPUiWM=
[2025-03-28 10:01:51.812] [debug  ] [lil        ] [38772:38408] [F5CEED:  70] ~/Z0ReojSK4vI8aMo
[2025-03-28 10:01:51.812] [debug  ] [lil        ] [38772:38408] [F5CEED:  70] ~u/QsZ53JPo7P7OYvtg5Mzq4=
[2025-03-28 10:01:51.812] [info   ] [lic_logic  ] [38772:38408] [F5CEED: 132] ~ra0bM6vaI5PI5aFsqxsP0bL0SSPcyC+EzuWiP/4eQdG0uF9ftfhqjs/isiW/B0bfvKAWfJKbI4mB+KM+qAJMwP29DDOa0iSO0uOjKPA=
[2025-03-28 10:01:51.812] [info   ] [lic_logic  ] [38772:38408] [F5CEED: 118] ~tb0aM6vaI5OB7ak+/idm5v29EXqI0iuLyPGnOLcEQYW0ul9gmck8jsLu5i+xBl/JuKAaPQ==
[2025-03-28 10:01:51.813] [debug  ] [lif_rtts   ] [38772:38408] [F5CEED:  84] ~paVfR53IIcfT/7ITrA5I0LG1DUyQ0imCz/ijE70DSsa29Ah6kNdqhcSrozS7CFrRuLBfepKbctORq7UpvQRBwa76
[2025-03-28 10:01:51.813] [debug  ] [lif_rtts   ] [38772:38408] [87CB8E:  13] ~padfZ47SLYDE+Zk+qh8B1qm1DWeZ32q81eq1J4ECS5+vsRhmkNo4uM3ipSmwGEr6vrwacJeXPYbI/5khrVEfib67EWeZwz7d1fmvK7kOXfqvoAtO
[2025-03-28 10:01:51.814] [debug  ] [lif_rtts   ] [38772:38408] [87CB8E:  13] ~u7cQf9zPOI7G7KM+gRlb0fOyFn2VyCKCxaudL7EFW8CloEVnjtItgMT5mT6qH3I=
[2025-03-28 10:01:51.814] [debug  ] [lil        ] [38772:38408] [F5CEED:  70] ~tKdfUJTeKYzSq7U4vxlbwLk=
[2025-03-28 10:01:51.862] [debug  ] [lif_rtts   ] [38772:38068] [87CB8E:  13] ~t7ZfYYjPFZXE7LMgvxlwybS3Gn2P3hWEye6lJ/AbXcq+sQxgo8k+k4/4si2sH0rB/Y8cfJLPL5/VsbQ4qjRdwLqhE3KO5CaOwu6oP7s0TM24txQ9jMklhMT4tROsH1v4
[2025-03-28 10:01:51.862] [info   ] [lif_track  ] [38772:38068] [E2982E:  98] ~pLoaM5DSKbjC46MvtUUele3mUWCI2jiTgQ==
[2025-03-28 10:01:51.863] [debug  ] [lif        ] [38772:38068] [87CB8E:  13] ~pLwaM47PPrjT7qE5sgpd+rG9HHaSyC+4wuOjL7VFX9eytxpgj+Q4k9WlpyCqNEPMvvoZcpXXL4OPuvd65kt0wK+mIHeZyCndg8WpbKsYTsexsV9/ldgvidLu5i2oCkbJvLYTdtKZZoTO5bIpph8V16mgIGGZ3D+LwPmZILcISsuusSBwlN4pjI/7tCO9DlzWgqYLZ9LaJpP+568vgw==
[2025-03-28 10:01:51.863] [debug  ] [lif        ] [38772:38068] [E392AD:2119] ~raRfV5ndK5LN/+YgtwhKy66xDDOS1D7H0v62PLEZW8C5
[2025-03-28 10:01:51.863] [info   ] [lif_track  ] [38772:38068] [E2982E: 107] ~tLMRM5DSKbjC46MvtUUele3mUXaS32rX2bvm
[2025-03-28 10:01:51.863] [debug  ] [lif_rtts   ] [38772:38068] [F5CEED:  84] ~pbVfR53IIcfT/7ITrA5I0LG1DUyQ0imCz/ijE70DSsa29Ah6kNdqhcSrozS7CFrRuLBfepKbctCRvfZsrQ5MyrOwDD0=
[2025-03-28 10:01:51.863] [debug  ] [lif_rtts   ] [38772:38068] [87CB8E:  13] ~rqAVM47PPrjT7qE5sgpd+rG9HHaSyC+4wuOjL7VFX9eytxpgj+Q4k9WloCWwAlzNuLBfSJ/UJJPE87J2rB9b+q+xGGaQ2ji4zeKlKbAYSvq+vBpwl5U6lc7ooz+tNF3RqYk=
